// Jest Snapshot v1, https://goo.gl/fbAQLP

exports[`Trabajando con instantaneas Permitimos una excepcion 1`] = `
Object {
  "id": Any<Number>,
  "name": "Carlos Ortiz",
}
`;

exports[`Trabajando con instantaneas Snapshot 1`] = `
Object {
  "gender": "male",
  "id": 1,
  "name": "Rick Sanches",
  "species": "human",
  "status": "Alive",
}
`;

exports[`Trabajando con instantaneas siempre fallara el snapshot 1`] = `
Object {
  "createAt": 2020-08-20T20:22:02.029Z,
  "id": 15,
}
`;
